// Jest Snapshot v1, https://goo.gl/fbAQLP

exports[`Match snapshot 1`] = `
<div
  className=""
  style={Object {}}
/>
`;
